This is XeTeX, Version 3.141592653-2.6-0.999994 (TeX Live 2022) (preloaded format=xelatex 2022.10.8)  14 AUG 2025 22:10
entering extended mode
 restricted \write18 enabled.
 %&-line parsing enabled.
**Dissertation.tex
(./Dissertation.tex
LaTeX2e <2021-11-15> patch level 1
L3 programming layer <2022-02-24>
(d:/texlive/2022/texmf-dist/tex/latex/base/report.cls
Document Class: report 2021/10/04 v1.4n Standard LaTeX document class
(d:/texlive/2022/texmf-dist/tex/latex/base/size10.clo
File: size10.clo 2021/10/04 v1.4n Standard LaTeX file (size option)
)
\c@part=\count181
\c@chapter=\count182
\c@section=\count183
\c@subsection=\count184
\c@subsubsection=\count185
\c@paragraph=\count186
\c@subparagraph=\count187
\c@figure=\count188
\c@table=\count189
\abovecaptionskip=\skip47
\belowcaptionskip=\skip48
\bibindent=\dimen138
)
(d:/texlive/2022/texmf-dist/tex/latex/amsmath/amsmath.sty
Package: amsmath 2021/10/15 v2.17l AMS math features
\@mathmargin=\skip49

For additional information on amsmath, use the `?' option.
(d:/texlive/2022/texmf-dist/tex/latex/amsmath/amstext.sty
Package: amstext 2021/08/26 v2.01 AMS text

(d:/texlive/2022/texmf-dist/tex/latex/amsmath/amsgen.sty
File: amsgen.sty 1999/11/30 v2.0 generic functions
\@emptytoks=\toks16
\ex@=\dimen139
))
(d:/texlive/2022/texmf-dist/tex/latex/amsmath/amsbsy.sty
Package: amsbsy 1999/11/29 v1.2d Bold Symbols
\pmbraise@=\dimen140
)
(d:/texlive/2022/texmf-dist/tex/latex/amsmath/amsopn.sty
Package: amsopn 2021/08/26 v2.02 operator names
)
\inf@bad=\count190
LaTeX Info: Redefining \frac on input line 234.
\uproot@=\count191
\leftroot@=\count192
LaTeX Info: Redefining \overline on input line 399.
\classnum@=\count193
\DOTSCASE@=\count194
LaTeX Info: Redefining \ldots on input line 496.
LaTeX Info: Redefining \dots on input line 499.
LaTeX Info: Redefining \cdots on input line 620.
\Mathstrutbox@=\box50
\strutbox@=\box51
\big@size=\dimen141
LaTeX Font Info:    Redeclaring font encoding OML on input line 743.
LaTeX Font Info:    Redeclaring font encoding OMS on input line 744.
\macc@depth=\count195
\c@MaxMatrixCols=\count196
\dotsspace@=\muskip16
\c@parentequation=\count197
\dspbrk@lvl=\count198
\tag@help=\toks17
\row@=\count199
\column@=\count266
\maxfields@=\count267
\andhelp@=\toks18
\eqnshift@=\dimen142
\alignsep@=\dimen143
\tagshift@=\dimen144
\tagwidth@=\dimen145
\totwidth@=\dimen146
\lineht@=\dimen147
\@envbody=\toks19
\multlinegap=\skip50
\multlinetaggap=\skip51
\mathdisplay@stack=\toks20
LaTeX Info: Redefining \[ on input line 2938.
LaTeX Info: Redefining \] on input line 2939.
)
(d:/texlive/2022/texmf-dist/tex/latex/amsfonts/amssymb.sty
Package: amssymb 2013/01/14 v3.01 AMS font symbols

(d:/texlive/2022/texmf-dist/tex/latex/amsfonts/amsfonts.sty
Package: amsfonts 2013/01/14 v3.01 Basic AMSFonts support
\symAMSa=\mathgroup4
\symAMSb=\mathgroup5
LaTeX Font Info:    Redeclaring math symbol \hbar on input line 98.
LaTeX Font Info:    Overwriting math alphabet `\mathfrak' in version `bold'
(Font)                  U/euf/m/n --> U/euf/b/n on input line 106.
))
(d:/texlive/2022/texmf-dist/tex/latex/algorithms/algorithm.sty
Invalid UTF-8 byte or sequence at line 11 replaced by U+FFFD.
Package: algorithm 2009/08/24 v0.1 Document Style `algorithm' - floating enviro
nment

(d:/texlive/2022/texmf-dist/tex/latex/float/float.sty
Package: float 2001/11/08 v1.3d Float enhancements (AL)
\c@float@type=\count268
\float@exts=\toks21
\float@box=\box52
\@float@everytoks=\toks22
\@floatcapt=\box53
)
(d:/texlive/2022/texmf-dist/tex/latex/base/ifthen.sty
Package: ifthen 2020/11/24 v1.1c Standard LaTeX ifthen package (DPC)
)
\@float@every@algorithm=\toks23
\c@algorithm=\count269
)
(d:/texlive/2022/texmf-dist/tex/latex/algorithms/algorithmic.sty
Invalid UTF-8 byte or sequence at line 11 replaced by U+FFFD.
Package: algorithmic 2009/08/24 v0.1 Document Style `algorithmic'

(d:/texlive/2022/texmf-dist/tex/latex/graphics/keyval.sty
Package: keyval 2014/10/28 v1.15 key=value parser (DPC)
\KV@toks@=\toks24
)
\c@ALC@unique=\count270
\c@ALC@line=\count271
\c@ALC@rem=\count272
\c@ALC@depth=\count273
\ALC@tlm=\skip52
\algorithmicindent=\skip53
)
(d:/texlive/2022/texmf-dist/tex/latex/fancyhdr/fancyhdr.sty
Package: fancyhdr 2021/01/28 v4.0.1 Extensive control of page headers and foote
rs
\f@nch@headwidth=\skip54
\f@nch@O@elh=\skip55
\f@nch@O@erh=\skip56
\f@nch@O@olh=\skip57
\f@nch@O@orh=\skip58
\f@nch@O@elf=\skip59
\f@nch@O@erf=\skip60
\f@nch@O@olf=\skip61
\f@nch@O@orf=\skip62
)
(d:/texlive/2022/texmf-dist/tex/latex/graphics/graphicx.sty
Package: graphicx 2021/09/16 v1.2d Enhanced LaTeX Graphics (DPC,SPQR)

(d:/texlive/2022/texmf-dist/tex/latex/graphics/graphics.sty
Package: graphics 2021/03/04 v1.4d Standard LaTeX Graphics (DPC,SPQR)

(d:/texlive/2022/texmf-dist/tex/latex/graphics/trig.sty
Package: trig 2021/08/11 v1.11 sin cos tan (DPC)
)
(d:/texlive/2022/texmf-dist/tex/latex/graphics-cfg/graphics.cfg
File: graphics.cfg 2016/06/04 v1.11 sample graphics configuration
)
Package graphics Info: Driver file: pdftex.def on input line 107.

(d:/texlive/2022/texmf-dist/tex/latex/graphics-def/pdftex.def
File: pdftex.def 2020/10/05 v1.2a Graphics/color driver for pdftex
))
\Gin@req@height=\dimen148
\Gin@req@width=\dimen149
)
(d:/texlive/2022/texmf-dist/tex/latex/lipsum/lipsum.sty
(d:/texlive/2022/texmf-dist/tex/latex/l3packages/l3keys2e/l3keys2e.sty
(d:/texlive/2022/texmf-dist/tex/latex/l3kernel/expl3.sty
Package: expl3 2022-02-24 L3 programming layer (loader) 


! LaTeX3 Error: Backend request inconsistent with engine: using 'xetex'
(LaTeX3)        backend.

For immediate help type H <return>.
 ...                                              
                                                  
l.144   { \sys_load_backend:n { } }
                                   

You have requested backend 'pdfmode', but this is not suitable for use with
the active engine. LaTeX3 will use the 'xetex' backend instead.


(d:/texlive/2022/texmf-dist/tex/latex/l3backend/l3backend-xetex.def
File: l3backend-xetex.def 2022-02-07 L3 backend support: XeTeX

(|extractbb --version)
\c__kernel_sys_dvipdfmx_version_int=\count274
\l__color_backend_stack_int=\count275
\g__color_backend_stack_int=\count276
\g__graphics_track_int=\count277
\l__pdf_internal_box=\box54
\g__pdf_backend_object_int=\count278
\g__pdf_backend_annotation_int=\count279
\g__pdf_backend_link_int=\count280
))
Package: l3keys2e 2022-01-12 LaTeX2e option processing using LaTeX3 keys
)
Package: lipsum 2021-09-20 v2.7 150 paragraphs of Lorem Ipsum dummy text
\g__lipsum_par_int=\count281
\l__lipsum_a_int=\count282
\l__lipsum_b_int=\count283

(d:/texlive/2022/texmf-dist/tex/latex/lipsum/lipsum.ltd.tex))
(d:/texlive/2022/texmf-dist/tex/latex/multirow/multirow.sty
Package: multirow 2021/03/15 v2.8 Span multiple rows of a table
\multirow@colwidth=\skip63
\multirow@cntb=\count284
\multirow@dima=\skip64
\bigstrutjot=\dimen150
)
(d:/texlive/2022/texmf-dist/tex/latex/setspace/setspace.sty
Package: setspace 2011/12/19 v6.7a set line spacing
)
(d:/texlive/2022/texmf-dist/tex/latex/tools/verbatim.sty
Package: verbatim 2020-07-07 v1.5u LaTeX2e package for verbatim enhancements
\every@verbatim=\toks25
\verbatim@line=\toks26
\verbatim@in@stream=\read2
)
(d:/texlive/2022/texmf-dist/tex/latex/standalone/standalone.sty
Package: standalone 2018/03/26 v1.3a Package to include TeX sub-files with prea
mbles

(d:/texlive/2022/texmf-dist/tex/latex/tools/shellesc.sty
Package: shellesc 2019/11/08 v1.0c unified shell escape interface for LaTeX
Package shellesc Info: Restricted shell escape enabled on input line 77.
)
(d:/texlive/2022/texmf-dist/tex/generic/iftex/ifluatex.sty
Package: ifluatex 2019/10/25 v1.5 ifluatex legacy package. Use iftex instead.

(d:/texlive/2022/texmf-dist/tex/generic/iftex/iftex.sty
Package: iftex 2022/02/03 v1.0f TeX engine tests
))
(d:/texlive/2022/texmf-dist/tex/latex/xkeyval/xkeyval.sty
Package: xkeyval 2020/11/20 v2.8 package option processing (HA)

(d:/texlive/2022/texmf-dist/tex/generic/xkeyval/xkeyval.tex
(d:/texlive/2022/texmf-dist/tex/generic/xkeyval/xkvutils.tex
\XKV@toks=\toks27
\XKV@tempa@toks=\toks28
)
\XKV@depth=\count285
File: xkeyval.tex 2014/12/03 v2.7a key=value parser (HA)
))
(d:/texlive/2022/texmf-dist/tex/latex/currfile/currfile.sty
Package: currfile 2020/09/29 v0.7d Provides the file path elements of the curre
nt input file

(d:/texlive/2022/texmf-dist/tex/latex/kvoptions/kvoptions.sty
Package: kvoptions 2020-10-07 v3.14 Key value format for package options (HO)

(d:/texlive/2022/texmf-dist/tex/generic/ltxcmds/ltxcmds.sty
Package: ltxcmds 2020-05-10 v1.25 LaTeX kernel commands for general use (HO)
)
(d:/texlive/2022/texmf-dist/tex/generic/kvsetkeys/kvsetkeys.sty
Package: kvsetkeys 2019/12/15 v1.18 Key value parser (HO)
))
(d:/texlive/2022/texmf-dist/tex/latex/filehook/filehook.sty
Package: filehook 2020/09/29 v0.8a Hooks for input files

(d:/texlive/2022/texmf-dist/tex/latex/filehook/filehook-2020.sty
Package: filehook-2020 2020/09/29 v0.8a Hooks for input files
))
\c@currfiledepth=\count286
)
(d:/texlive/2022/texmf-dist/tex/latex/gincltex/gincltex.sty
(d:/texlive/2022/texmf-dist/tex/latex/svn-prov/svn-prov.sty
Package: svn-prov 2010/04/24 v3.1862 Package Date/Version from SVN Keywords
)
Package: gincltex 2011/09/04 v0.3 Include external LaTeX files like graphics

(d:/texlive/2022/texmf-dist/tex/latex/adjustbox/adjustbox.sty
Package: adjustbox 2020/08/19 v1.3 Adjusting TeX boxes (trim, clip, ...)

(d:/texlive/2022/texmf-dist/tex/latex/adjustbox/adjcalc.sty
Package: adjcalc 2012/05/16 v1.1 Provides advanced setlength with multiple back
-ends (calc, etex, pgfmath)
)
(d:/texlive/2022/texmf-dist/tex/latex/adjustbox/trimclip.sty
Package: trimclip 2020/08/19 v1.2 Trim and clip general TeX material

(d:/texlive/2022/texmf-dist/tex/latex/collectbox/collectbox.sty
Package: collectbox 2012/05/17 v0.4b Collect macro arguments as boxes
\collectedbox=\box55
)
\tc@llx=\dimen151
\tc@lly=\dimen152
\tc@urx=\dimen153
\tc@ury=\dimen154
Package trimclip Info: Using driver 'tc-pdftex.def'.

(d:/texlive/2022/texmf-dist/tex/latex/adjustbox/tc-pdftex.def
File: tc-pdftex.def 2019/01/04 v2.2 Clipping driver for pdftex
))
\adjbox@Width=\dimen155
\adjbox@Height=\dimen156
\adjbox@Depth=\dimen157
\adjbox@Totalheight=\dimen158
\adjbox@pwidth=\dimen159
\adjbox@pheight=\dimen160
\adjbox@pdepth=\dimen161
\adjbox@ptotalheight=\dimen162

(d:/texlive/2022/texmf-dist/tex/latex/ifoddpage/ifoddpage.sty
Package: ifoddpage 2016/04/23 v1.1 Conditionals for odd/even page detection
\c@checkoddpage=\count287
)
(d:/texlive/2022/texmf-dist/tex/latex/varwidth/varwidth.sty
Package: varwidth 2009/03/30 ver 0.92;  Variable-width minipages
\@vwid@box=\box56
\sift@deathcycles=\count288
\@vwid@loff=\dimen163
\@vwid@roff=\dimen164
))
\gincltex@box=\box57
))
(d:/texlive/2022/texmf-dist/tex/latex/pgfplots/pgfplots.sty
(d:/texlive/2022/texmf-dist/tex/generic/pgfplots/pgfplots.revision.tex)
Package: pgfplots 2021/05/15 v1.18.1 Data Visualization (1.18.1)

(d:/texlive/2022/texmf-dist/tex/latex/pgf/frontendlayer/tikz.sty
(d:/texlive/2022/texmf-dist/tex/latex/pgf/basiclayer/pgf.sty
(d:/texlive/2022/texmf-dist/tex/latex/pgf/utilities/pgfrcs.sty
(d:/texlive/2022/texmf-dist/tex/generic/pgf/utilities/pgfutil-common.tex
\pgfutil@everybye=\toks29
\pgfutil@tempdima=\dimen165
\pgfutil@tempdimb=\dimen166

(d:/texlive/2022/texmf-dist/tex/generic/pgf/utilities/pgfutil-common-lists.tex)
) (d:/texlive/2022/texmf-dist/tex/generic/pgf/utilities/pgfutil-latex.def
\pgfutil@abb=\box58
)
(d:/texlive/2022/texmf-dist/tex/generic/pgf/utilities/pgfrcs.code.tex
(d:/texlive/2022/texmf-dist/tex/generic/pgf/pgf.revision.tex)
Package: pgfrcs 2021/05/15 v3.1.9a (3.1.9a)
))
Package: pgf 2021/05/15 v3.1.9a (3.1.9a)

(d:/texlive/2022/texmf-dist/tex/latex/pgf/basiclayer/pgfcore.sty
(d:/texlive/2022/texmf-dist/tex/latex/pgf/systemlayer/pgfsys.sty
(d:/texlive/2022/texmf-dist/tex/generic/pgf/systemlayer/pgfsys.code.tex
Package: pgfsys 2021/05/15 v3.1.9a (3.1.9a)

(d:/texlive/2022/texmf-dist/tex/generic/pgf/utilities/pgfkeys.code.tex
\pgfkeys@pathtoks=\toks30
\pgfkeys@temptoks=\toks31

(d:/texlive/2022/texmf-dist/tex/generic/pgf/utilities/pgfkeysfiltered.code.tex
\pgfkeys@tmptoks=\toks32
))
\pgf@x=\dimen167
\pgf@y=\dimen168
\pgf@xa=\dimen169
\pgf@ya=\dimen170
\pgf@xb=\dimen171
\pgf@yb=\dimen172
\pgf@xc=\dimen173
\pgf@yc=\dimen174
\pgf@xd=\dimen175
\pgf@yd=\dimen176
\w@pgf@writea=\write3
\r@pgf@reada=\read3
\c@pgf@counta=\count289
\c@pgf@countb=\count290
\c@pgf@countc=\count291
\c@pgf@countd=\count292
\t@pgf@toka=\toks33
\t@pgf@tokb=\toks34
\t@pgf@tokc=\toks35
\pgf@sys@id@count=\count293
 (d:/texlive/2022/texmf-dist/tex/generic/pgf/systemlayer/pgf.cfg
File: pgf.cfg 2021/05/15 v3.1.9a (3.1.9a)
)
Driver file for pgf: pgfsys-pdftex.def

(d:/texlive/2022/texmf-dist/tex/generic/pgf/systemlayer/pgfsys-pdftex.def
File: pgfsys-pdftex.def 2021/05/15 v3.1.9a (3.1.9a)

(d:/texlive/2022/texmf-dist/tex/generic/pgf/systemlayer/pgfsys-common-pdf.def
File: pgfsys-common-pdf.def 2021/05/15 v3.1.9a (3.1.9a)
)
! Undefined control sequence.
\pgf@sys@setuppdfresources@plain ->\pdfobj 
                                           reserveobjnum \edef \pgf@sys@pdf@...
l.385 \pgfutil@setuppdfresources
                                 % possibly call the above
The control sequence at the end of the top line
of your error message was never \def'ed. If you have
misspelled it (e.g., `\hobx'), type `I' and the correct
spelling (e.g., `I\hbox'). Otherwise just continue,
and I'll forget about whatever was undefined.


! LaTeX Error: Missing \begin{document}.

See the LaTeX manual or LaTeX Companion for explanation.
Type  H <return>  for immediate help.
 ...                                              
                                                  
l.385 \pgfutil@setuppdfresources
                                 % possibly call the above
You're in trouble here.  Try typing  <return>  to proceed.
If that doesn't work, type  X <return>  to quit.

! Undefined control sequence.
\pgf@sys@setuppdfresources@plain ...e \pdflastobj 
                                                  } \pdfobj reserveobjnum \e...
l.385 \pgfutil@setuppdfresources
                                 % possibly call the above
The control sequence at the end of the top line
of your error message was never \def'ed. If you have
misspelled it (e.g., `\hobx'), type `I' and the correct
spelling (e.g., `I\hbox'). Otherwise just continue,
and I'll forget about whatever was undefined.

! You can't use `end-group character }' after \the.
\pgf@sys@setuppdfresources@plain ... \pdflastobj }
                                                   \pdfobj reserveobjnum \ed...
l.385 \pgfutil@setuppdfresources
                                 % possibly call the above
I'm forgetting what you said and using zero instead.

! Undefined control sequence.
\pgf@sys@setuppdfresources@plain ...obj } \pdfobj 
                                                  reserveobjnum \edef \pgf@s...
l.385 \pgfutil@setuppdfresources
                                 % possibly call the above
The control sequence at the end of the top line
of your error message was never \def'ed. If you have
misspelled it (e.g., `\hobx'), type `I' and the correct
spelling (e.g., `I\hbox'). Otherwise just continue,
and I'll forget about whatever was undefined.

! Undefined control sequence.
\pgf@sys@setuppdfresources@plain ...attern@objnum 
                                                  {\the \pdflastobj } \pdfob...
l.385 \pgfutil@setuppdfresources
                                 % possibly call the above
The control sequence at the end of the top line
of your error message was never \def'ed. If you have
misspelled it (e.g., `\hobx'), type `I' and the correct
spelling (e.g., `I\hbox'). Otherwise just continue,
and I'll forget about whatever was undefined.

! Undefined control sequence.
\pgf@sys@setuppdfresources@plain ...e \pdflastobj 
                                                  } \pdfobj reserveobjnum \e...
l.385 \pgfutil@setuppdfresources
                                 % possibly call the above
The control sequence at the end of the top line
of your error message was never \def'ed. If you have
misspelled it (e.g., `\hobx'), type `I' and the correct
spelling (e.g., `I\hbox'). Otherwise just continue,
and I'll forget about whatever was undefined.

! You can't use `end-group character }' after \the.
\pgf@sys@setuppdfresources@plain ... \pdflastobj }
                                                   \pdfobj reserveobjnum \ed...
l.385 \pgfutil@setuppdfresources
                                 % possibly call the above
I'm forgetting what you said and using zero instead.

! Undefined control sequence.
\pgf@sys@setuppdfresources@plain ...obj } \pdfobj 
                                                  reserveobjnum \edef \pgf@s...
l.385 \pgfutil@setuppdfresources
                                 % possibly call the above
The control sequence at the end of the top line
of your error message was never \def'ed. If you have
misspelled it (e.g., `\hobx'), type `I' and the correct
spelling (e.g., `I\hbox'). Otherwise just continue,
and I'll forget about whatever was undefined.

! Undefined control sequence.
\pgf@sys@setuppdfresources@plain ...spaces@objnum 
                                                  {\the \pdflastobj } \def \...
l.385 \pgfutil@setuppdfresources
                                 % possibly call the above
The control sequence at the end of the top line
of your error message was never \def'ed. If you have
misspelled it (e.g., `\hobx'), type `I' and the correct
spelling (e.g., `I\hbox'). Otherwise just continue,
and I'll forget about whatever was undefined.

! Undefined control sequence.
\pgf@sys@setuppdfresources@plain ...e \pdflastobj 
                                                  } \def \pgf@sys@pdf@possib...
l.385 \pgfutil@setuppdfresources
                                 % possibly call the above
The control sequence at the end of the top line
of your error message was never \def'ed. If you have
misspelled it (e.g., `\hobx'), type `I' and the correct
spelling (e.g., `I\hbox'). Otherwise just continue,
and I'll forget about whatever was undefined.

! You can't use `end-group character }' after \the.
\pgf@sys@setuppdfresources@plain ... \pdflastobj }
                                                   \def \pgf@sys@pdf@possibl...
l.385 \pgfutil@setuppdfresources
                                 % possibly call the above
I'm forgetting what you said and using zero instead.

! Undefined control sequence.
\pgf@sys@setuppdfresources@plain ...ble@resources 
                                                  {/ColorSpace \pgf@sys@pdf@...
l.385 \pgfutil@setuppdfresources
                                 % possibly call the above
The control sequence at the end of the top line
of your error message was never \def'ed. If you have
misspelled it (e.g., `\hobx'), type `I' and the correct
spelling (e.g., `I\hbox'). Otherwise just continue,
and I'll forget about whatever was undefined.

! Undefined control sequence.
\pgf@sys@setuppdfresources@plain ...spaces@objnum 
                                                  \space 0 R /Pattern \pgf@s...
l.385 \pgfutil@setuppdfresources
                                 % possibly call the above
The control sequence at the end of the top line
of your error message was never \def'ed. If you have
misspelled it (e.g., `\hobx'), type `I' and the correct
spelling (e.g., `I\hbox'). Otherwise just continue,
and I'll forget about whatever was undefined.

! Undefined control sequence.
\pgf@sys@setuppdfresources@plain ...attern@objnum 
                                                  \space 0 R /ExtGState \pgf...
l.385 \pgfutil@setuppdfresources
                                 % possibly call the above
The control sequence at the end of the top line
of your error message was never \def'ed. If you have
misspelled it (e.g., `\hobx'), type `I' and the correct
spelling (e.g., `I\hbox'). Otherwise just continue,
and I'll forget about whatever was undefined.

! Undefined control sequence.
\pgf@sys@setuppdfresources@plain ...@extgs@objnum 
                                                  \space 0 R } \let \pgf@sys...
l.385 \pgfutil@setuppdfresources
                                 % possibly call the above
The control sequence at the end of the top line
of your error message was never \def'ed. If you have
misspelled it (e.g., `\hobx'), type `I' and the correct
spelling (e.g., `I\hbox'). Otherwise just continue,
and I'll forget about whatever was undefined.

! Undefined control sequence.
\pgf@sys@setuppdfresources@plain ...eck@resources 
                                                  =\relax \def \pgf@sys@pdf@...
l.385 \pgfutil@setuppdfresources
                                 % possibly call the above
The control sequence at the end of the top line
of your error message was never \def'ed. If you have
misspelled it (e.g., `\hobx'), type `I' and the correct
spelling (e.g., `I\hbox'). Otherwise just continue,
and I'll forget about whatever was undefined.

! Undefined control sequence.
\pgf@sys@setuppdfresources@plain ...pageresources 
                                                  { { \edef \temp { \pgf@sys...
l.385 \pgfutil@setuppdfresources
                                 % possibly call the above
The control sequence at the end of the top line
of your error message was never \def'ed. If you have
misspelled it (e.g., `\hobx'), type `I' and the correct
spelling (e.g., `I\hbox'). Otherwise just continue,
and I'll forget about whatever was undefined.

! Undefined control sequence.
\pgf@sys@setuppdfresources@plain ...{ \edef \temp 
                                                  { \pgf@sys@pdf@possible@re...
l.385 \pgfutil@setuppdfresources
                                 % possibly call the above
The control sequence at the end of the top line
of your error message was never \def'ed. If you have
misspelled it (e.g., `\hobx'), type `I' and the correct
spelling (e.g., `I\hbox'). Otherwise just continue,
and I'll forget about whatever was undefined.

! Undefined control sequence.
\pgf@sys@setuppdfresources@plain ...ble@resources 
                                                  } \expandafter \global \ex...
l.385 \pgfutil@setuppdfresources
                                 % possibly call the above
The control sequence at the end of the top line
of your error message was never \def'ed. If you have
misspelled it (e.g., `\hobx'), type `I' and the correct
spelling (e.g., `I\hbox'). Otherwise just continue,
and I'll forget about whatever was undefined.

! Undefined control sequence.
\pgf@sys@setuppdfresources@plain ...dafter {\temp 
                                                  } } } \pgf@sys@pdf@install...
l.385 \pgfutil@setuppdfresources
                                 % possibly call the above
The control sequence at the end of the top line
of your error message was never \def'ed. If you have
misspelled it (e.g., `\hobx'), type `I' and the correct
spelling (e.g., `I\hbox'). Otherwise just continue,
and I'll forget about whatever was undefined.

! Undefined control sequence.
<recently read> \pdfpageresources 
                                  
l.385 \pgfutil@setuppdfresources
                                 % possibly call the above
The control sequence at the end of the top line
of your error message was never \def'ed. If you have
misspelled it (e.g., `\hobx'), type `I' and the correct
spelling (e.g., `I\hbox'). Otherwise just continue,
and I'll forget about whatever was undefined.

! Undefined control sequence.
\pgf@sys@setuppdfresources@plain ...pageresources 
                                                  \expandafter \pgfutil@ever...
l.385 \pgfutil@setuppdfresources
                                 % possibly call the above
The control sequence at the end of the top line
of your error message was never \def'ed. If you have
misspelled it (e.g., `\hobx'), type `I' and the correct
spelling (e.g., `I\hbox'). Otherwise just continue,
and I'll forget about whatever was undefined.

! Undefined control sequence.
\pgf@sys@setuppdfresources@plain ...diate \pdfobj 
                                                  useobjnum \pgf@sys@pdf@ext...
l.385 \pgfutil@setuppdfresources
                                 % possibly call the above
The control sequence at the end of the top line
of your error message was never \def'ed. If you have
misspelled it (e.g., `\hobx'), type `I' and the correct
spelling (e.g., `I\hbox'). Otherwise just continue,
and I'll forget about whatever was undefined.

! Undefined control sequence.
\pgf@sys@setuppdfresources@plain ...@extgs@objnum 
                                                  {<<\pgf@sys@pgf@resource@l...
l.385 \pgfutil@setuppdfresources
                                 % possibly call the above
The control sequence at the end of the top line
of your error message was never \def'ed. If you have
misspelled it (e.g., `\hobx'), type `I' and the correct
spelling (e.g., `I\hbox'). Otherwise just continue,
and I'll forget about whatever was undefined.

! Undefined control sequence.
\pgf@sys@setuppdfresources@plain ...ce@list@extgs 
                                                  >>}\immediate \pdfobj useo...
l.385 \pgfutil@setuppdfresources
                                 % possibly call the above
The control sequence at the end of the top line
of your error message was never \def'ed. If you have
misspelled it (e.g., `\hobx'), type `I' and the correct
spelling (e.g., `I\hbox'). Otherwise just continue,
and I'll forget about whatever was undefined.

! Undefined control sequence.
\pgf@sys@setuppdfresources@plain ...diate \pdfobj 
                                                  useobjnum \pgf@sys@pdf@pat...
l.385 \pgfutil@setuppdfresources
                                 % possibly call the above
The control sequence at the end of the top line
of your error message was never \def'ed. If you have
misspelled it (e.g., `\hobx'), type `I' and the correct
spelling (e.g., `I\hbox'). Otherwise just continue,
and I'll forget about whatever was undefined.

! Undefined control sequence.
\pgf@sys@setuppdfresources@plain ...attern@objnum 
                                                  {<<\pgf@sys@pgf@resource@l...
l.385 \pgfutil@setuppdfresources
                                 % possibly call the above
The control sequence at the end of the top line
of your error message was never \def'ed. If you have
misspelled it (e.g., `\hobx'), type `I' and the correct
spelling (e.g., `I\hbox'). Otherwise just continue,
and I'll forget about whatever was undefined.

! Undefined control sequence.
\pgf@sys@setuppdfresources@plain ...list@patterns 
                                                  >>}\immediate \pdfobj useo...
l.385 \pgfutil@setuppdfresources
                                 % possibly call the above
The control sequence at the end of the top line
of your error message was never \def'ed. If you have
misspelled it (e.g., `\hobx'), type `I' and the correct
spelling (e.g., `I\hbox'). Otherwise just continue,
and I'll forget about whatever was undefined.

! Undefined control sequence.
\pgf@sys@setuppdfresources@plain ...diate \pdfobj 
                                                  useobjnum \pgf@sys@pdf@col...
l.385 \pgfutil@setuppdfresources
                                 % possibly call the above
The control sequence at the end of the top line
of your error message was never \def'ed. If you have
misspelled it (e.g., `\hobx'), type `I' and the correct
spelling (e.g., `I\hbox'). Otherwise just continue,
and I'll forget about whatever was undefined.

! Undefined control sequence.
\pgf@sys@setuppdfresources@plain ...spaces@objnum 
                                                  {<<\pgf@sys@pgf@resource@l...
l.385 \pgfutil@setuppdfresources
                                 % possibly call the above
The control sequence at the end of the top line
of your error message was never \def'ed. If you have
misspelled it (e.g., `\hobx'), type `I' and the correct
spelling (e.g., `I\hbox'). Otherwise just continue,
and I'll forget about whatever was undefined.

! Undefined control sequence.
\pgf@sys@setuppdfresources@plain ...t@colorspaces 
                                                  >>}} \let \pgf@sys@pgf@res...
l.385 \pgfutil@setuppdfresources
                                 % possibly call the above
The control sequence at the end of the top line
of your error message was never \def'ed. If you have
misspelled it (e.g., `\hobx'), type `I' and the correct
spelling (e.g., `I\hbox'). Otherwise just continue,
and I'll forget about whatever was undefined.

! Undefined control sequence.
\pgf@sys@setuppdfresources@plain ...ce@list@extgs 
                                                  =\pgfutil@empty \let \pgf@...
l.385 \pgfutil@setuppdfresources
                                 % possibly call the above
The control sequence at the end of the top line
of your error message was never \def'ed. If you have
misspelled it (e.g., `\hobx'), type `I' and the correct
spelling (e.g., `I\hbox'). Otherwise just continue,
and I'll forget about whatever was undefined.

! Undefined control sequence.
\pgf@sys@setuppdfresources@plain ...list@patterns 
                                                  =\pgfutil@empty \let \pgf@...
l.385 \pgfutil@setuppdfresources
                                 % possibly call the above
The control sequence at the end of the top line
of your error message was never \def'ed. If you have
misspelled it (e.g., `\hobx'), type `I' and the correct
spelling (e.g., `I\hbox'). Otherwise just continue,
and I'll forget about whatever was undefined.

! Undefined control sequence.
\pgf@sys@setuppdfresources@plain ...t@colorspaces 
                                                  =\pgfutil@empty \def \pgf@...
l.385 \pgfutil@setuppdfresources
                                 % possibly call the above
The control sequence at the end of the top line
of your error message was never \def'ed. If you have
misspelled it (e.g., `\hobx'), type `I' and the correct
spelling (e.g., `I\hbox'). Otherwise just continue,
and I'll forget about whatever was undefined.

! Undefined control sequence.
\pgf@sys@setuppdfresources@plain ...e@extgs@plain 
                                                  ##1{\xdef \pgf@sys@pgf@res...
l.385 \pgfutil@setuppdfresources
                                 % possibly call the above
The control sequence at the end of the top line
of your error message was never \def'ed. If you have
misspelled it (e.g., `\hobx'), type `I' and the correct
spelling (e.g., `I\hbox'). Otherwise just continue,
and I'll forget about whatever was undefined.

! Illegal parameter number in definition of \pgf@sys@pdf@extgs@objnum.
<to be read again> 
                   1
l.385 \pgfutil@setuppdfresources
                                 % possibly call the above
You meant to type ## instead of #, right?
Or maybe a } was forgotten somewhere earlier, and things
are all screwed up? I'm going to assume that you meant ##.

! Undefined control sequence.
\pgf@sys@setuppdfresources@plain ...ce@list@extgs 
                                                  {\pgf@sys@pgf@resource@lis...
l.385 \pgfutil@setuppdfresources
                                 % possibly call the above
The control sequence at the end of the top line
of your error message was never \def'ed. If you have
misspelled it (e.g., `\hobx'), type `I' and the correct
spelling (e.g., `I\hbox'). Otherwise just continue,
and I'll forget about whatever was undefined.

! Undefined control sequence.
\pgf@sys@setuppdfresources@plain ...ce@list@extgs 
                                                  \space ##1}} \def \pgf@sys...
l.385 \pgfutil@setuppdfresources
                                 % possibly call the above
The control sequence at the end of the top line
of your error message was never \def'ed. If you have
misspelled it (e.g., `\hobx'), type `I' and the correct
spelling (e.g., `I\hbox'). Otherwise just continue,
and I'll forget about whatever was undefined.

! Illegal parameter number in definition of \pgf@sys@pdf@extgs@objnum.
<to be read again> 
                   1
l.385 \pgfutil@setuppdfresources
                                 % possibly call the above
You meant to type ## instead of #, right?
Or maybe a } was forgotten somewhere earlier, and things
are all screwed up? I'm going to assume that you meant ##.

! Undefined control sequence.
\pgf@sys@setuppdfresources@plain ...atterns@plain 
                                                  ##1{\xdef \pgf@sys@pgf@res...
l.385 \pgfutil@setuppdfresources
                                 % possibly call the above
The control sequence at the end of the top line
of your error message was never \def'ed. If you have
misspelled it (e.g., `\hobx'), type `I' and the correct
spelling (e.g., `I\hbox'). Otherwise just continue,
and I'll forget about whatever was undefined.

! Illegal parameter number in definition of \pgf@sys@pdf@extgs@objnum.
<to be read again> 
                   1
l.385 \pgfutil@setuppdfresources
                                 % possibly call the above
You meant to type ## instead of #, right?
Or maybe a } was forgotten somewhere earlier, and things
are all screwed up? I'm going to assume that you meant ##.

! Undefined control sequence.
\pgf@sys@setuppdfresources@plain ...list@patterns 
                                                  {\pgf@sys@pgf@resource@lis...
l.385 \pgfutil@setuppdfresources
                                 % possibly call the above
The control sequence at the end of the top line
of your error message was never \def'ed. If you have
misspelled it (e.g., `\hobx'), type `I' and the correct
spelling (e.g., `I\hbox'). Otherwise just continue,
and I'll forget about whatever was undefined.

! Undefined control sequence.
\pgf@sys@setuppdfresources@plain ...list@patterns 
                                                  \space ##1}} \def \pgf@sys...
l.385 \pgfutil@setuppdfresources
                                 % possibly call the above
The control sequence at the end of the top line
of your error message was never \def'ed. If you have
misspelled it (e.g., `\hobx'), type `I' and the correct
spelling (e.g., `I\hbox'). Otherwise just continue,
and I'll forget about whatever was undefined.

! Illegal parameter number in definition of \pgf@sys@pdf@extgs@objnum.
<to be read again> 
                   1
l.385 \pgfutil@setuppdfresources
                                 % possibly call the above
You meant to type ## instead of #, right?
Or maybe a } was forgotten somewhere earlier, and things
are all screwed up? I'm going to assume that you meant ##.

! Undefined control sequence.
\pgf@sys@setuppdfresources@plain ...rspaces@plain 
                                                  ##1{\xdef \pgf@sys@pgf@res...
l.385 \pgfutil@setuppdfresources
                                 % possibly call the above
The control sequence at the end of the top line
of your error message was never \def'ed. If you have
misspelled it (e.g., `\hobx'), type `I' and the correct
spelling (e.g., `I\hbox'). Otherwise just continue,
and I'll forget about whatever was undefined.

! Illegal parameter number in definition of \pgf@sys@pdf@extgs@objnum.
<to be read again> 
                   1
l.385 \pgfutil@setuppdfresources
                                 % possibly call the above
You meant to type ## instead of #, right?
Or maybe a } was forgotten somewhere earlier, and things
are all screwed up? I'm going to assume that you meant ##.

! Undefined control sequence.
\pgf@sys@setuppdfresources@plain ...t@colorspaces 
                                                  {\pgf@sys@pgf@resource@lis...
l.385 \pgfutil@setuppdfresources
                                 % possibly call the above
The control sequence at the end of the top line
of your error message was never \def'ed. If you have
misspelled it (e.g., `\hobx'), type `I' and the correct
spelling (e.g., `I\hbox'). Otherwise just continue,
and I'll forget about whatever was undefined.

! Undefined control sequence.
\pgf@sys@setuppdfresources@plain ...t@colorspaces 
                                                  \space ##1}} 
l.385 \pgfutil@setuppdfresources
                                 % possibly call the above
The control sequence at the end of the top line
of your error message was never \def'ed. If you have
misspelled it (e.g., `\hobx'), type `I' and the correct
spelling (e.g., `I\hbox'). Otherwise just continue,
and I'll forget about whatever was undefined.

! Illegal parameter number in definition of \pgf@sys@pdf@extgs@objnum.
<to be read again> 
                   1
l.385 \pgfutil@setuppdfresources
                                 % possibly call the above
You meant to type ## instead of #, right?
Or maybe a } was forgotten somewhere earlier, and things
are all screwed up? I'm going to assume that you meant ##.

! Undefined control sequence.
\pgfutil@addpdfresource@colorspaces ...aces@plain 
                                                  {#1}
l.387 ...rspaces{ /pgfprgb [/Pattern /DeviceRGB] }
                                                  
The control sequence at the end of the top line
of your error message was never \def'ed. If you have
misspelled it (e.g., `\hobx'), type `I' and the correct
spelling (e.g., `I\hbox'). Otherwise just continue,
and I'll forget about whatever was undefined.

! Undefined control sequence.
l.390     \pdfliteral
                     {\csname\string\color@#1\endcsname}%
The control sequence at the end of the top line
of your error message was never \def'ed. If you have
misspelled it (e.g., `\hobx'), type `I' and the correct
spelling (e.g., `I\hbox'). Otherwise just continue,
and I'll forget about whatever was undefined.

)
Runaway definition?
->0 reserveobjnum \edef {0 reserveobjnum \edef {0 \def {/ColorSpace  \ETC.
! File ended while scanning definition of \pgf@sys@pdf@extgs@objnum.
<inserted text> 
                }
l.1755 ...iver file ``\pgfsysdriver'' not found.}}
                                                  
I suspect you have forgotten a `}', causing me
to read past where you wanted me to stop.
I'll try to recover; but if the error is serious,
you'd better type `E' or `X' now and fix your file.

)
Runaway definition?
->0 reserveobjnum \edef {0 reserveobjnum \edef {0 \def {/ColorSpace  \ETC.
! File ended while scanning definition of \pgf@sys@pdf@extgs@objnum.
<inserted text> 
                }
l.16 \input{pgfsys.code.tex}
                            
I suspect you have forgotten a `}', causing me
to read past where you wanted me to stop.
I'll try to recover; but if the error is serious,
you'd better type `E' or `X' now and fix your file.

! Missing \endcsname inserted.
<to be read again> 
                   \protect 
l.17 \input
           {pgfsyssoftpath.code.tex}
The control sequence marked <to be read again> should
not appear between \csname and \endcsname.

! Use of \??? doesn't match its definition.
<argument> \???  
                 ! LaTeX3 Error: \protect invalid in file name. Lost: \Input...
l.17 \input
           {pgfsyssoftpath.code.tex}
If you say, e.g., `\def\a1{...}', then you must always
put `1' after `\a', since control sequence names are
made up of letters only. The macro here has not been
followed by the required stuff, so I'm ignoring it.

! Missing \endcsname inserted.
<to be read again> 
                   \protect 
l.17 \input
           {pgfsyssoftpath.code.tex}
The control sequence marked <to be read again> should
not appear between \csname and \endcsname.

! Use of \??? doesn't match its definition.
<argument> \???  
                 ! LaTeX3 Error: \protect invalid in file name. Lost: \Input...
l.17 \input
           {pgfsyssoftpath.code.tex}
If you say, e.g., `\def\a1{...}', then you must always
put `1' after `\a', since control sequence names are
made up of letters only. The macro here has not been
followed by the required stuff, so I'm ignoring it.

! Argument of \@iinput has an extra }.
<inserted text> 
                \par 
l.17 \input
           {pgfsyssoftpath.code.tex}
I've run across a `}' that doesn't seem to match anything.
For example, `\def\a#1{...}' and `\a}' would produce
this error. If you simply proceed now, the `\par' that
I've just inserted will cause me to report a runaway
argument that might be the root of the problem. But if
your `}' was spurious, just type `2' and it will go away.

Runaway argument?
! Paragraph ended before \@iinput was complete.
<to be read again> 
                   \par 
l.17 \input
           {pgfsyssoftpath.code.tex}
I suspect you've forgotten a `}', causing me to apply this
control sequence to too much text. How can we recover?
My plan is to forget the whole thing and hope for the best.

! Missing \endcsname inserted.
<to be read again> 
                   \scan_stop: 
l.17 \input
           {pgfsyssoftpath.code.tex}
The control sequence marked <to be read again> should
not appear between \csname and \endcsname.

! Use of \??? doesn't match its definition.
<argument> \???  
                 ! LaTeX3 Error: \scan_stop: invalid in file name. Lost: \mo...
l.17 \input
           {pgfsyssoftpath.code.tex}
If you say, e.g., `\def\a1{...}', then you must always
put `1' after `\a', since control sequence names are
made up of letters only. The macro here has not been
followed by the required stuff, so I'm ignoring it.

! Use of \??? doesn't match its definition.
<argument> \???  
                 ! LaTeX3 Error: Missing \endcsname inserted in filename.
l.17 \input
           {pgfsyssoftpath.code.tex}
If you say, e.g., `\def\a1{...}', then you must always
put `1' after `\a', since control sequence names are
made up of letters only. The macro here has not been
followed by the required stuff, so I'm ignoring it.

! Use of \??? doesn't match its definition.
<argument> \???  
                 ! LaTeX3 Error: Missing \endcsname inserted in filename.
l.17 \input
           {pgfsyssoftpath.code.tex}
If you say, e.g., `\def\a1{...}', then you must always
put `1' after `\a', since control sequence names are
made up of letters only. The macro here has not been
followed by the required stuff, so I'm ignoring it.

! Argument of \@secondoftwo has an extra }.
<inserted text> 
                \par 
l.17 \input
           {pgfsyssoftpath.code.tex}
I've run across a `}' that doesn't seem to match anything.
For example, `\def\a#1{...}' and `\a}' would produce
this error. If you simply proceed now, the `\par' that
I've just inserted will cause me to report a runaway
argument that might be the root of the problem. But if
your `}' was spurious, just type `2' and it will go away.

Runaway argument?
! Paragraph ended before \@secondoftwo was complete.
<to be read again> 
                   \par 
l.17 \input
           {pgfsyssoftpath.code.tex}
I suspect you've forgotten a `}', causing me to apply this
control sequence to too much text. How can we recover?
My plan is to forget the whole thing and hope for the best.

! Missing \endcsname inserted.
<to be read again> 
                   \scan_stop: 
l.17 \input
           {pgfsyssoftpath.code.tex}
The control sequence marked <to be read again> should
not appear between \csname and \endcsname.

! Use of \??? doesn't match its definition.
<argument> \???  
                 ! LaTeX3 Error: \scan_stop: invalid in file name. Lost: \mo...
l.17 \input
           {pgfsyssoftpath.code.tex}
If you say, e.g., `\def\a1{...}', then you must always
put `1' after `\a', since control sequence names are
made up of letters only. The macro here has not been
followed by the required stuff, so I'm ignoring it.

! Use of \??? doesn't match its definition.
<argument> \???  
                 ! LaTeX3 Error: Missing \endcsname inserted in filename.
l.17 \input
           {pgfsyssoftpath.code.tex}
If you say, e.g., `\def\a1{...}', then you must always
put `1' after `\a', since control sequence names are
made up of letters only. The macro here has not been
followed by the required stuff, so I'm ignoring it.

! Use of \??? doesn't match its definition.
<argument> \???  
                 ! LaTeX3 Error: Missing \endcsname inserted in filename.
l.17 \input
           {pgfsyssoftpath.code.tex}
If you say, e.g., `\def\a1{...}', then you must always
put `1' after `\a', since control sequence names are
made up of letters only. The macro here has not been
followed by the required stuff, so I'm ignoring it.

! Argument of \@secondoftwo has an extra }.
<inserted text> 
                \par 
l.17 \input
           {pgfsyssoftpath.code.tex}
I've run across a `}' that doesn't seem to match anything.
For example, `\def\a#1{...}' and `\a}' would produce
this error. If you simply proceed now, the `\par' that
I've just inserted will cause me to report a runaway
argument that might be the root of the problem. But if
your `}' was spurious, just type `2' and it will go away.

Runaway argument?
! Paragraph ended before \@secondoftwo was complete.
<to be read again> 
                   \par 
l.17 \input
           {pgfsyssoftpath.code.tex}
I suspect you've forgotten a `}', causing me to apply this
control sequence to too much text. How can we recover?
My plan is to forget the whole thing and hope for the best.

! Missing \endcsname inserted.
<to be read again> 
                   \scan_stop: 
l.17 \input
           {pgfsyssoftpath.code.tex}
The control sequence marked <to be read again> should
not appear between \csname and \endcsname.

! Use of \??? doesn't match its definition.
<argument> \???  
                 ! LaTeX3 Error: \scan_stop: invalid in file name. Lost: \mo...
l.17 \input
           {pgfsyssoftpath.code.tex}
If you say, e.g., `\def\a1{...}', then you must always
put `1' after `\a', since control sequence names are
made up of letters only. The macro here has not been
followed by the required stuff, so I'm ignoring it.

! Use of \??? doesn't match its definition.
<argument> \???  
                 ! LaTeX3 Error: Missing \endcsname inserted in filename.
l.17 \input
           {pgfsyssoftpath.code.tex}
If you say, e.g., `\def\a1{...}', then you must always
put `1' after `\a', since control sequence names are
made up of letters only. The macro here has not been
followed by the required stuff, so I'm ignoring it.

! Use of \??? doesn't match its definition.
<argument> \???  
                 ! LaTeX3 Error: Missing \endcsname inserted in filename.
l.17 \input
           {pgfsyssoftpath.code.tex}
If you say, e.g., `\def\a1{...}', then you must always
put `1' after `\a', since control sequence names are
made up of letters only. The macro here has not been
followed by the required stuff, so I'm ignoring it.

! Argument of \@secondoftwo has an extra }.
<inserted text> 
                \par 
l.17 \input
           {pgfsyssoftpath.code.tex}
I've run across a `}' that doesn't seem to match anything.
For example, `\def\a#1{...}' and `\a}' would produce
this error. If you simply proceed now, the `\par' that
I've just inserted will cause me to report a runaway
argument that might be the root of the problem. But if
your `}' was spurious, just type `2' and it will go away.

Runaway argument?
! Paragraph ended before \@secondoftwo was complete.
<to be read again> 
                   \par 
l.17 \input
           {pgfsyssoftpath.code.tex}
I suspect you've forgotten a `}', causing me to apply this
control sequence to too much text. How can we recover?
My plan is to forget the whole thing and hope for the best.

! Missing \endcsname inserted.
<to be read again> 
                   \scan_stop: 
l.17 \input
           {pgfsyssoftpath.code.tex}
The control sequence marked <to be read again> should
not appear between \csname and \endcsname.

! Use of \??? doesn't match its definition.
<argument> \???  
                 ! LaTeX3 Error: \scan_stop: invalid in file name. Lost: \mo...
l.17 \input
           {pgfsyssoftpath.code.tex}
If you say, e.g., `\def\a1{...}', then you must always
put `1' after `\a', since control sequence names are
made up of letters only. The macro here has not been
followed by the required stuff, so I'm ignoring it.

! Use of \??? doesn't match its definition.
<argument> \???  
                 ! LaTeX3 Error: Missing \endcsname inserted in filename.
l.17 \input
           {pgfsyssoftpath.code.tex}
If you say, e.g., `\def\a1{...}', then you must always
put `1' after `\a', since control sequence names are
made up of letters only. The macro here has not been
followed by the required stuff, so I'm ignoring it.

! Use of \??? doesn't match its definition.
<argument> \???  
                 ! LaTeX3 Error: Missing \endcsname inserted in filename.
l.17 \input
           {pgfsyssoftpath.code.tex}
If you say, e.g., `\def\a1{...}', then you must always
put `1' after `\a', since control sequence names are
made up of letters only. The macro here has not been
followed by the required stuff, so I'm ignoring it.

! Argument of \@secondoftwo has an extra }.
<inserted text> 
                \par 
l.17 \input
           {pgfsyssoftpath.code.tex}
I've run across a `}' that doesn't seem to match anything.
For example, `\def\a#1{...}' and `\a}' would produce
this error. If you simply proceed now, the `\par' that
I've just inserted will cause me to report a runaway
argument that might be the root of the problem. But if
your `}' was spurious, just type `2' and it will go away.

Runaway argument?
! Paragraph ended before \@secondoftwo was complete.
<to be read again> 
                   \par 
l.17 \input
           {pgfsyssoftpath.code.tex}
I suspect you've forgotten a `}', causing me to apply this
control sequence to too much text. How can we recover?
My plan is to forget the whole thing and hope for the best.

! Missing \endcsname inserted.
<to be read again> 
                   \scan_stop: 
l.17 \input
           {pgfsyssoftpath.code.tex}
The control sequence marked <to be read again> should
not appear between \csname and \endcsname.

! Use of \??? doesn't match its definition.
<argument> \???  
                 ! LaTeX3 Error: \scan_stop: invalid in file name. Lost: \mo...
l.17 \input
           {pgfsyssoftpath.code.tex}
If you say, e.g., `\def\a1{...}', then you must always
put `1' after `\a', since control sequence names are
made up of letters only. The macro here has not been
followed by the required stuff, so I'm ignoring it.

! Use of \??? doesn't match its definition.
<argument> \???  
                 ! LaTeX3 Error: Missing \endcsname inserted in filename.
l.17 \input
           {pgfsyssoftpath.code.tex}
If you say, e.g., `\def\a1{...}', then you must always
put `1' after `\a', since control sequence names are
made up of letters only. The macro here has not been
followed by the required stuff, so I'm ignoring it.

! Use of \??? doesn't match its definition.
<argument> \???  
                 ! LaTeX3 Error: Missing \endcsname inserted in filename.
l.17 \input
           {pgfsyssoftpath.code.tex}
If you say, e.g., `\def\a1{...}', then you must always
put `1' after `\a', since control sequence names are
made up of letters only. The macro here has not been
followed by the required stuff, so I'm ignoring it.

! Argument of \@secondoftwo has an extra }.
<inserted text> 
                \par 
l.17 \input
           {pgfsyssoftpath.code.tex}
I've run across a `}' that doesn't seem to match anything.
For example, `\def\a#1{...}' and `\a}' would produce
this error. If you simply proceed now, the `\par' that
I've just inserted will cause me to report a runaway
argument that might be the root of the problem. But if
your `}' was spurious, just type `2' and it will go away.

Runaway argument?
! Paragraph ended before \@secondoftwo was complete.
<to be read again> 
                   \par 
l.17 \input
           {pgfsyssoftpath.code.tex}
I suspect you've forgotten a `}', causing me to apply this
control sequence to too much text. How can we recover?
My plan is to forget the whole thing and hope for the best.

! Missing \endcsname inserted.
<to be read again> 
                   \scan_stop: 
l.17 \input
           {pgfsyssoftpath.code.tex}
The control sequence marked <to be read again> should
not appear between \csname and \endcsname.

! Use of \??? doesn't match its definition.
<argument> \???  
                 ! LaTeX3 Error: \scan_stop: invalid in file name. Lost: \mo...
l.17 \input
           {pgfsyssoftpath.code.tex}
If you say, e.g., `\def\a1{...}', then you must always
put `1' after `\a', since control sequence names are
made up of letters only. The macro here has not been
followed by the required stuff, so I'm ignoring it.

! Use of \??? doesn't match its definition.
<argument> \???  
                 ! LaTeX3 Error: Missing \endcsname inserted in filename.
l.17 \input
           {pgfsyssoftpath.code.tex}
If you say, e.g., `\def\a1{...}', then you must always
put `1' after `\a', since control sequence names are
made up of letters only. The macro here has not been
followed by the required stuff, so I'm ignoring it.

! Use of \??? doesn't match its definition.
<argument> \???  
                 ! LaTeX3 Error: Missing \endcsname inserted in filename.
l.17 \input
           {pgfsyssoftpath.code.tex}
If you say, e.g., `\def\a1{...}', then you must always
put `1' after `\a', since control sequence names are
made up of letters only. The macro here has not been
followed by the required stuff, so I'm ignoring it.

! Argument of \@secondoftwo has an extra }.
<inserted text> 
                \par 
l.17 \input
           {pgfsyssoftpath.code.tex}
I've run across a `}' that doesn't seem to match anything.
For example, `\def\a#1{...}' and `\a}' would produce
this error. If you simply proceed now, the `\par' that
I've just inserted will cause me to report a runaway
argument that might be the root of the problem. But if
your `}' was spurious, just type `2' and it will go away.

Runaway argument?
! Paragraph ended before \@secondoftwo was complete.
<to be read again> 
                   \par 
l.17 \input
           {pgfsyssoftpath.code.tex}
I suspect you've forgotten a `}', causing me to apply this
control sequence to too much text. How can we recover?
My plan is to forget the whole thing and hope for the best.

! Missing \endcsname inserted.
<to be read again> 
                   \scan_stop: 
l.17 \input
           {pgfsyssoftpath.code.tex}
The control sequence marked <to be read again> should
not appear between \csname and \endcsname.

! Use of \??? doesn't match its definition.
<argument> \???  
                 ! LaTeX3 Error: \scan_stop: invalid in file name. Lost: \mo...
l.17 \input
           {pgfsyssoftpath.code.tex}
If you say, e.g., `\def\a1{...}', then you must always
put `1' after `\a', since control sequence names are
made up of letters only. The macro here has not been
followed by the required stuff, so I'm ignoring it.

! Use of \??? doesn't match its definition.
<argument> \???  
                 ! LaTeX3 Error: Missing \endcsname inserted in filename.
l.17 \input
           {pgfsyssoftpath.code.tex}
If you say, e.g., `\def\a1{...}', then you must always
put `1' after `\a', since control sequence names are
made up of letters only. The macro here has not been
followed by the required stuff, so I'm ignoring it.

! Use of \??? doesn't match its definition.
<argument> \???  
                 ! LaTeX3 Error: Missing \endcsname inserted in filename.
l.17 \input
           {pgfsyssoftpath.code.tex}
If you say, e.g., `\def\a1{...}', then you must always
put `1' after `\a', since control sequence names are
made up of letters only. The macro here has not been
followed by the required stuff, so I'm ignoring it.

! Argument of \@secondoftwo has an extra }.
<inserted text> 
                \par 
l.17 \input
           {pgfsyssoftpath.code.tex}
(That makes 100 errors; please try again.) 
Here is how much of TeX's memory you used:
 6429 strings out of 476179
 119283 string characters out of 5813072
 489953 words of memory out of 5000000
 27038 multiletter control sequences out of 15000+600000
 469267 words of font info for 29 fonts, out of 8000000 for 9000
 1348 hyphenation exceptions out of 8191
 109i,0n,141p,360b,44s stack positions out of 10000i,1000n,20000p,200000b,200000s

No pages of output.
